[debug] [2026-06-04T06:34:41.229Z] ----------------------------------------------------------------------
[debug] [2026-06-04T06:34:41.232Z] Command:       C:\Program Files\nodejs\node.exe C:\Users\midol\AppData\Roaming\npm\node_modules\firebase-tools\lib\bin\firebase.js init hosting
[debug] [2026-06-04T06:34:41.232Z] CLI Version:   14.16.0
[debug] [2026-06-04T06:34:41.232Z] Platform:      win32
[debug] [2026-06-04T06:34:41.232Z] Node Version:  v20.19.6
[debug] [2026-06-04T06:34:41.233Z] Time:          Thu Jun 04 2026 09:34:41 GMT+0300 (توقيت شرق أوروبا الصيفي)
[debug] [2026-06-04T06:34:41.233Z] ----------------------------------------------------------------------
[debug] 
[debug] [2026-06-04T06:34:41.479Z] > command requires scopes: ["email","openid","https://www.googleapis.com/auth/cloudplatformprojects.readonly","https://www.googleapis.com/auth/firebase","https://www.googleapis.com/auth/cloud-platform"]
[debug] [2026-06-04T06:34:41.480Z] > authorizing via signed-in user (mohamedelbagoury150@gmail.com)
[info] 
     ######## #### ########  ######## ########     ###     ######  ########
     ##        ##  ##     ## ##       ##     ##  ##   ##  ##       ##
     ######    ##  ########  ######   ########  #########  ######  ######
     ##        ##  ##    ##  ##       ##     ## ##     ##       ## ##
     ##       #### ##     ## ######## ########  ##     ##  ######  ########

You're about to initialize a Firebase project in this directory:

  D:\work\real-estate-app

Before we get started, keep in mind:

  * You are initializing within an existing Firebase project directory

